
> degenscore-card@0.2.0 test
> jest --coverage __tests__/hooks/useWhaleRadar.test.ts --no-coverage

  console.log
    {"timestamp":"2025-11-23T10:15:18.972Z","level":"error","message":"Error fetching top whales:","context":{"error":"Failed to fetch whales","stack":"Error: Failed to fetch whales\n    at fetchTopWhales (C:\\Users\\dscanales\\Documents\\DegenScore-Card\\DegenScore-Card-1\\hooks\\useWhaleRadar.ts:104:23)\n    at runNextTicks (node:internal/process/task_queues:60:5)\n    at listOnTimeout (node:internal/timers:538:9)\n    at processTimers (node:internal/timers:512:7)"}}

      at Logger.log (lib/logger.ts:89:15)

  console.error
    Warning: An update to TestComponent inside a test was not wrapped in act(...).
    
    When testing, code that causes React state updates should be wrapped into act(...):
    
    act(() => {
      /* fire events that update state */
    });
    /* assert on the output */
    
    This ensures that you're testing the behavior the user would see in the browser. Learn more at https://reactjs.org/link/wrap-tests-with-act
        at TestComponent (C:\Users\dscanales\Documents\DegenScore-Card\DegenScore-Card-1\node_modules\@testing-library\react\dist\pure.js:307:5)

    [0m [90m 104 |[39m                 [36mthrow[39m [36mnew[39m [33mError[39m(data[33m.[39merror [33m||[39m [32m'Failed to fetch whales'[39m)[33m;[39m
     [90m 105 |[39m             }
    [31m[1m>[22m[39m[90m 106 |[39m             setTopWhales(data[33m.[39mwhales [33m||[39m [])[33m;[39m
     [90m     |[39m             [31m[1m^[22m[39m
     [90m 107 |[39m         } [36mcatch[39m (error[33m:[39m any) {
     [90m 108 |[39m             logger[33m.[39merror([32m'Error fetching top whales:'[39m[33m,[39m error)[33m;[39m
     [90m 109 |[39m             setError(error[33m.[39mmessage)[33m;[39m[0m

      at printWarning (node_modules/react-dom/cjs/react-dom.development.js:86:30)
      at error (node_modules/react-dom/cjs/react-dom.development.js:60:7)
      at warnIfUpdatesNotWrappedWithActDEV (node_modules/react-dom/cjs/react-dom.development.js:27628:9)
      at scheduleUpdateOnFiber (node_modules/react-dom/cjs/react-dom.development.js:25547:5)
      at dispatchSetState (node_modules/react-dom/cjs/react-dom.development.js:16708:7)
      at setTopWhales (hooks/useWhaleRadar.ts:106:13)

  console.error
    Warning: An update to TestComponent inside a test was not wrapped in act(...).
    
    When testing, code that causes React state updates should be wrapped into act(...):
    
    act(() => {
      /* fire events that update state */
    });
    /* assert on the output */
    
    This ensures that you're testing the behavior the user would see in the browser. Learn more at https://reactjs.org/link/wrap-tests-with-act
        at TestComponent (C:\Users\dscanales\Documents\DegenScore-Card\DegenScore-Card-1\node_modules\@testing-library\react\dist\pure.js:307:5)

    [0m [90m 110 |[39m             setTopWhales([])[33m;[39m
     [90m 111 |[39m         } [36mfinally[39m {
    [31m[1m>[22m[39m[90m 112 |[39m             setLoading([36mfalse[39m)[33m;[39m
     [90m     |[39m             [31m[1m^[22m[39m
     [90m 113 |[39m         }
     [90m 114 |[39m     }[33m;[39m
     [90m 115 |[39m[0m

      at printWarning (node_modules/react-dom/cjs/react-dom.development.js:86:30)
      at error (node_modules/react-dom/cjs/react-dom.development.js:60:7)
      at warnIfUpdatesNotWrappedWithActDEV (node_modules/react-dom/cjs/react-dom.development.js:27628:9)
      at scheduleUpdateOnFiber (node_modules/react-dom/cjs/react-dom.development.js:25547:5)
      at dispatchSetState (node_modules/react-dom/cjs/react-dom.development.js:16708:7)
      at setLoading (hooks/useWhaleRadar.ts:112:13)

  console.error
    Warning: An update to TestComponent inside a test was not wrapped in act(...).
    
    When testing, code that causes React state updates should be wrapped into act(...):
    
    act(() => {
      /* fire events that update state */
    });
    /* assert on the output */
    
    This ensures that you're testing the behavior the user would see in the browser. Learn more at https://reactjs.org/link/wrap-tests-with-act
        at TestComponent (C:\Users\dscanales\Documents\DegenScore-Card\DegenScore-Card-1\node_modules\@testing-library\react\dist\pure.js:307:5)

    [0m [90m 104 |[39m                 [36mthrow[39m [36mnew[39m [33mError[39m(data[33m.[39merror [33m||[39m [32m'Failed to fetch whales'[39m)[33m;[39m
     [90m 105 |[39m             }
    [31m[1m>[22m[39m[90m 106 |[39m             setTopWhales(data[33m.[39mwhales [33m||[39m [])[33m;[39m
     [90m     |[39m             [31m[1m^[22m[39m
     [90m 107 |[39m         } [36mcatch[39m (error[33m:[39m any) {
     [90m 108 |[39m             logger[33m.[39merror([32m'Error fetching top whales:'[39m[33m,[39m error)[33m;[39m
     [90m 109 |[39m             setError(error[33m.[39mmessage)[33m;[39m[0m

      at printWarning (node_modules/react-dom/cjs/react-dom.development.js:86:30)
      at error (node_modules/react-dom/cjs/react-dom.development.js:60:7)
      at warnIfUpdatesNotWrappedWithActDEV (node_modules/react-dom/cjs/react-dom.development.js:27628:9)
      at scheduleUpdateOnFiber (node_modules/react-dom/cjs/react-dom.development.js:25547:5)
      at dispatchSetState (node_modules/react-dom/cjs/react-dom.development.js:16708:7)
      at setTopWhales (hooks/useWhaleRadar.ts:106:13)

  console.error
    Warning: An update to TestComponent inside a test was not wrapped in act(...).
    
    When testing, code that causes React state updates should be wrapped into act(...):
    
    act(() => {
      /* fire events that update state */
    });
    /* assert on the output */
    
    This ensures that you're testing the behavior the user would see in the browser. Learn more at https://reactjs.org/link/wrap-tests-with-act
        at TestComponent (C:\Users\dscanales\Documents\DegenScore-Card\DegenScore-Card-1\node_modules\@testing-library\react\dist\pure.js:307:5)

    [0m [90m 110 |[39m             setTopWhales([])[33m;[39m
     [90m 111 |[39m         } [36mfinally[39m {
    [31m[1m>[22m[39m[90m 112 |[39m             setLoading([36mfalse[39m)[33m;[39m
     [90m     |[39m             [31m[1m^[22m[39m
     [90m 113 |[39m         }
     [90m 114 |[39m     }[33m;[39m
     [90m 115 |[39m[0m

      at printWarning (node_modules/react-dom/cjs/react-dom.development.js:86:30)
      at error (node_modules/react-dom/cjs/react-dom.development.js:60:7)
      at warnIfUpdatesNotWrappedWithActDEV (node_modules/react-dom/cjs/react-dom.development.js:27628:9)
      at scheduleUpdateOnFiber (node_modules/react-dom/cjs/react-dom.development.js:25547:5)
      at dispatchSetState (node_modules/react-dom/cjs/react-dom.development.js:16708:7)
      at setLoading (hooks/useWhaleRadar.ts:112:13)

  console.error
    Warning: An update to TestComponent inside a test was not wrapped in act(...).
    
    When testing, code that causes React state updates should be wrapped into act(...):
    
    act(() => {
      /* fire events that update state */
    });
    /* assert on the output */
    
    This ensures that you're testing the behavior the user would see in the browser. Learn more at https://reactjs.org/link/wrap-tests-with-act
        at TestComponent (C:\Users\dscanales\Documents\DegenScore-Card\DegenScore-Card-1\node_modules\@testing-library\react\dist\pure.js:307:5)

    [0m [90m 104 |[39m                 [36mthrow[39m [36mnew[39m [33mError[39m(data[33m.[39merror [33m||[39m [32m'Failed to fetch whales'[39m)[33m;[39m
     [90m 105 |[39m             }
    [31m[1m>[22m[39m[90m 106 |[39m             setTopWhales(data[33m.[39mwhales [33m||[39m [])[33m;[39m
     [90m     |[39m             [31m[1m^[22m[39m
     [90m 107 |[39m         } [36mcatch[39m (error[33m:[39m any) {
     [90m 108 |[39m             logger[33m.[39merror([32m'Error fetching top whales:'[39m[33m,[39m error)[33m;[39m
     [90m 109 |[39m             setError(error[33m.[39mmessage)[33m;[39m[0m

      at printWarning (node_modules/react-dom/cjs/react-dom.development.js:86:30)
      at error (node_modules/react-dom/cjs/react-dom.development.js:60:7)
      at warnIfUpdatesNotWrappedWithActDEV (node_modules/react-dom/cjs/react-dom.development.js:27628:9)
      at scheduleUpdateOnFiber (node_modules/react-dom/cjs/react-dom.development.js:25547:5)
      at dispatchSetState (node_modules/react-dom/cjs/react-dom.development.js:16708:7)
      at setTopWhales (hooks/useWhaleRadar.ts:106:13)

  console.error
    Warning: An update to TestComponent inside a test was not wrapped in act(...).
    
    When testing, code that causes React state updates should be wrapped into act(...):
    
    act(() => {
      /* fire events that update state */
    });
    /* assert on the output */
    
    This ensures that you're testing the behavior the user would see in the browser. Learn more at https://reactjs.org/link/wrap-tests-with-act
        at TestComponent (C:\Users\dscanales\Documents\DegenScore-Card\DegenScore-Card-1\node_modules\@testing-library\react\dist\pure.js:307:5)

    [0m [90m 110 |[39m             setTopWhales([])[33m;[39m
     [90m 111 |[39m         } [36mfinally[39m {
    [31m[1m>[22m[39m[90m 112 |[39m             setLoading([36mfalse[39m)[33m;[39m
     [90m     |[39m             [31m[1m^[22m[39m
     [90m 113 |[39m         }
     [90m 114 |[39m     }[33m;[39m
     [90m 115 |[39m[0m

      at printWarning (node_modules/react-dom/cjs/react-dom.development.js:86:30)
      at error (node_modules/react-dom/cjs/react-dom.development.js:60:7)
      at warnIfUpdatesNotWrappedWithActDEV (node_modules/react-dom/cjs/react-dom.development.js:27628:9)
      at scheduleUpdateOnFiber (node_modules/react-dom/cjs/react-dom.development.js:25547:5)
      at dispatchSetState (node_modules/react-dom/cjs/react-dom.development.js:16708:7)
      at setLoading (hooks/useWhaleRadar.ts:112:13)

  console.error
    Warning: An update to TestComponent inside a test was not wrapped in act(...).
    
    When testing, code that causes React state updates should be wrapped into act(...):
    
    act(() => {
      /* fire events that update state */
    });
    /* assert on the output */
    
    This ensures that you're testing the behavior the user would see in the browser. Learn more at https://reactjs.org/link/wrap-tests-with-act
        at TestComponent (C:\Users\dscanales\Documents\DegenScore-Card\DegenScore-Card-1\node_modules\@testing-library\react\dist\pure.js:307:5)

    [0m [90m 104 |[39m                 [36mthrow[39m [36mnew[39m [33mError[39m(data[33m.[39merror [33m||[39m [32m'Failed to fetch whales'[39m)[33m;[39m
     [90m 105 |[39m             }
    [31m[1m>[22m[39m[90m 106 |[39m             setTopWhales(data[33m.[39mwhales [33m||[39m [])[33m;[39m
     [90m     |[39m             [31m[1m^[22m[39m
     [90m 107 |[39m         } [36mcatch[39m (error[33m:[39m any) {
     [90m 108 |[39m             logger[33m.[39merror([32m'Error fetching top whales:'[39m[33m,[39m error)[33m;[39m
     [90m 109 |[39m             setError(error[33m.[39mmessage)[33m;[39m[0m

      at printWarning (node_modules/react-dom/cjs/react-dom.development.js:86:30)
      at error (node_modules/react-dom/cjs/react-dom.development.js:60:7)
      at warnIfUpdatesNotWrappedWithActDEV (node_modules/react-dom/cjs/react-dom.development.js:27628:9)
      at scheduleUpdateOnFiber (node_modules/react-dom/cjs/react-dom.development.js:25547:5)
      at dispatchSetState (node_modules/react-dom/cjs/react-dom.development.js:16708:7)
      at setTopWhales (hooks/useWhaleRadar.ts:106:13)

  console.error
    Warning: An update to TestComponent inside a test was not wrapped in act(...).
    
    When testing, code that causes React state updates should be wrapped into act(...):
    
    act(() => {
      /* fire events that update state */
    });
    /* assert on the output */
    
    This ensures that you're testing the behavior the user would see in the browser. Learn more at https://reactjs.org/link/wrap-tests-with-act
        at TestComponent (C:\Users\dscanales\Documents\DegenScore-Card\DegenScore-Card-1\node_modules\@testing-library\react\dist\pure.js:307:5)

    [0m [90m 110 |[39m             setTopWhales([])[33m;[39m
     [90m 111 |[39m         } [36mfinally[39m {
    [31m[1m>[22m[39m[90m 112 |[39m             setLoading([36mfalse[39m)[33m;[39m
     [90m     |[39m             [31m[1m^[22m[39m
     [90m 113 |[39m         }
     [90m 114 |[39m     }[33m;[39m
     [90m 115 |[39m[0m

      at printWarning (node_modules/react-dom/cjs/react-dom.development.js:86:30)
      at error (node_modules/react-dom/cjs/react-dom.development.js:60:7)
      at warnIfUpdatesNotWrappedWithActDEV (node_modules/react-dom/cjs/react-dom.development.js:27628:9)
      at scheduleUpdateOnFiber (node_modules/react-dom/cjs/react-dom.development.js:25547:5)
      at dispatchSetState (node_modules/react-dom/cjs/react-dom.development.js:16708:7)
      at setLoading (hooks/useWhaleRadar.ts:112:13)

  console.error
    Warning: An update to TestComponent inside a test was not wrapped in act(...).
    
    When testing, code that causes React state updates should be wrapped into act(...):
    
    act(() => {
      /* fire events that update state */
    });
    /* assert on the output */
    
    This ensures that you're testing the behavior the user would see in the browser. Learn more at https://reactjs.org/link/wrap-tests-with-act
        at TestComponent (C:\Users\dscanales\Documents\DegenScore-Card\DegenScore-Card-1\node_modules\@testing-library\react\dist\pure.js:307:5)

    [0m [90m 104 |[39m                 [36mthrow[39m [36mnew[39m [33mError[39m(data[33m.[39merror [33m||[39m [32m'Failed to fetch whales'[39m)[33m;[39m
     [90m 105 |[39m             }
    [31m[1m>[22m[39m[90m 106 |[39m             setTopWhales(data[33m.[39mwhales [33m||[39m [])[33m;[39m
     [90m     |[39m             [31m[1m^[22m[39m
     [90m 107 |[39m         } [36mcatch[39m (error[33m:[39m any) {
     [90m 108 |[39m             logger[33m.[39merror([32m'Error fetching top whales:'[39m[33m,[39m error)[33m;[39m
     [90m 109 |[39m             setError(error[33m.[39mmessage)[33m;[39m[0m

      at printWarning (node_modules/react-dom/cjs/react-dom.development.js:86:30)
      at error (node_modules/react-dom/cjs/react-dom.development.js:60:7)
      at warnIfUpdatesNotWrappedWithActDEV (node_modules/react-dom/cjs/react-dom.development.js:27628:9)
      at scheduleUpdateOnFiber (node_modules/react-dom/cjs/react-dom.development.js:25547:5)
      at dispatchSetState (node_modules/react-dom/cjs/react-dom.development.js:16708:7)
      at setTopWhales (hooks/useWhaleRadar.ts:106:13)

  console.error
    Warning: An update to TestComponent inside a test was not wrapped in act(...).
    
    When testing, code that causes React state updates should be wrapped into act(...):
    
    act(() => {
      /* fire events that update state */
    });
    /* assert on the output */
    
    This ensures that you're testing the behavior the user would see in the browser. Learn more at https://reactjs.org/link/wrap-tests-with-act
        at TestComponent (C:\Users\dscanales\Documents\DegenScore-Card\DegenScore-Card-1\node_modules\@testing-library\react\dist\pure.js:307:5)

    [0m [90m 110 |[39m             setTopWhales([])[33m;[39m
     [90m 111 |[39m         } [36mfinally[39m {
    [31m[1m>[22m[39m[90m 112 |[39m             setLoading([36mfalse[39m)[33m;[39m
     [90m     |[39m             [31m[1m^[22m[39m
     [90m 113 |[39m         }
     [90m 114 |[39m     }[33m;[39m
     [90m 115 |[39m[0m

      at printWarning (node_modules/react-dom/cjs/react-dom.development.js:86:30)
      at error (node_modules/react-dom/cjs/react-dom.development.js:60:7)
      at warnIfUpdatesNotWrappedWithActDEV (node_modules/react-dom/cjs/react-dom.development.js:27628:9)
      at scheduleUpdateOnFiber (node_modules/react-dom/cjs/react-dom.development.js:25547:5)
      at dispatchSetState (node_modules/react-dom/cjs/react-dom.development.js:16708:7)
      at setLoading (hooks/useWhaleRadar.ts:112:13)

  console.error
    Warning: An update to TestComponent inside a test was not wrapped in act(...).
    
    When testing, code that causes React state updates should be wrapped into act(...):
    
    act(() => {
      /* fire events that update state */
    });
    /* assert on the output */
    
    This ensures that you're testing the behavior the user would see in the browser. Learn more at https://reactjs.org/link/wrap-tests-with-act
        at TestComponent (C:\Users\dscanales\Documents\DegenScore-Card\DegenScore-Card-1\node_modules\@testing-library\react\dist\pure.js:307:5)

    [0m [90m 104 |[39m                 [36mthrow[39m [36mnew[39m [33mError[39m(data[33m.[39merror [33m||[39m [32m'Failed to fetch whales'[39m)[33m;[39m
     [90m 105 |[39m             }
    [31m[1m>[22m[39m[90m 106 |[39m             setTopWhales(data[33m.[39mwhales [33m||[39m [])[33m;[39m
     [90m     |[39m             [31m[1m^[22m[39m
     [90m 107 |[39m         } [36mcatch[39m (error[33m:[39m any) {
     [90m 108 |[39m             logger[33m.[39merror([32m'Error fetching top whales:'[39m[33m,[39m error)[33m;[39m
     [90m 109 |[39m             setError(error[33m.[39mmessage)[33m;[39m[0m

      at printWarning (node_modules/react-dom/cjs/react-dom.development.js:86:30)
      at error (node_modules/react-dom/cjs/react-dom.development.js:60:7)
      at warnIfUpdatesNotWrappedWithActDEV (node_modules/react-dom/cjs/react-dom.development.js:27628:9)
      at scheduleUpdateOnFiber (node_modules/react-dom/cjs/react-dom.development.js:25547:5)
      at dispatchSetState (node_modules/react-dom/cjs/react-dom.development.js:16708:7)
      at setTopWhales (hooks/useWhaleRadar.ts:106:13)

  console.error
    Warning: An update to TestComponent inside a test was not wrapped in act(...).
    
    When testing, code that causes React state updates should be wrapped into act(...):
    
    act(() => {
      /* fire events that update state */
    });
    /* assert on the output */
    
    This ensures that you're testing the behavior the user would see in the browser. Learn more at https://reactjs.org/link/wrap-tests-with-act
        at TestComponent (C:\Users\dscanales\Documents\DegenScore-Card\DegenScore-Card-1\node_modules\@testing-library\react\dist\pure.js:307:5)

    [0m [90m 110 |[39m             setTopWhales([])[33m;[39m
     [90m 111 |[39m         } [36mfinally[39m {
    [31m[1m>[22m[39m[90m 112 |[39m             setLoading([36mfalse[39m)[33m;[39m
     [90m     |[39m             [31m[1m^[22m[39m
     [90m 113 |[39m         }
     [90m 114 |[39m     }[33m;[39m
     [90m 115 |[39m[0m

      at printWarning (node_modules/react-dom/cjs/react-dom.development.js:86:30)
      at error (node_modules/react-dom/cjs/react-dom.development.js:60:7)
      at warnIfUpdatesNotWrappedWithActDEV (node_modules/react-dom/cjs/react-dom.development.js:27628:9)
      at scheduleUpdateOnFiber (node_modules/react-dom/cjs/react-dom.development.js:25547:5)
      at dispatchSetState (node_modules/react-dom/cjs/react-dom.development.js:16708:7)
      at setLoading (hooks/useWhaleRadar.ts:112:13)

  console.error
    Warning: An update to TestComponent inside a test was not wrapped in act(...).
    
    When testing, code that causes React state updates should be wrapped into act(...):
    
    act(() => {
      /* fire events that update state */
    });
    /* assert on the output */
    
    This ensures that you're testing the behavior the user would see in the browser. Learn more at https://reactjs.org/link/wrap-tests-with-act
        at TestComponent (C:\Users\dscanales\Documents\DegenScore-Card\DegenScore-Card-1\node_modules\@testing-library\react\dist\pure.js:307:5)

    [0m [90m 104 |[39m                 [36mthrow[39m [36mnew[39m [33mError[39m(data[33m.[39merror [33m||[39m [32m'Failed to fetch whales'[39m)[33m;[39m
     [90m 105 |[39m             }
    [31m[1m>[22m[39m[90m 106 |[39m             setTopWhales(data[33m.[39mwhales [33m||[39m [])[33m;[39m
     [90m     |[39m             [31m[1m^[22m[39m
     [90m 107 |[39m         } [36mcatch[39m (error[33m:[39m any) {
     [90m 108 |[39m             logger[33m.[39merror([32m'Error fetching top whales:'[39m[33m,[39m error)[33m;[39m
     [90m 109 |[39m             setError(error[33m.[39mmessage)[33m;[39m[0m

      at printWarning (node_modules/react-dom/cjs/react-dom.development.js:86:30)
      at error (node_modules/react-dom/cjs/react-dom.development.js:60:7)
      at warnIfUpdatesNotWrappedWithActDEV (node_modules/react-dom/cjs/react-dom.development.js:27628:9)
      at scheduleUpdateOnFiber (node_modules/react-dom/cjs/react-dom.development.js:25547:5)
      at dispatchSetState (node_modules/react-dom/cjs/react-dom.development.js:16708:7)
      at setTopWhales (hooks/useWhaleRadar.ts:106:13)

  console.error
    Warning: An update to TestComponent inside a test was not wrapped in act(...).
    
    When testing, code that causes React state updates should be wrapped into act(...):
    
    act(() => {
      /* fire events that update state */
    });
    /* assert on the output */
    
    This ensures that you're testing the behavior the user would see in the browser. Learn more at https://reactjs.org/link/wrap-tests-with-act
        at TestComponent (C:\Users\dscanales\Documents\DegenScore-Card\DegenScore-Card-1\node_modules\@testing-library\react\dist\pure.js:307:5)

    [0m [90m 110 |[39m             setTopWhales([])[33m;[39m
     [90m 111 |[39m         } [36mfinally[39m {
    [31m[1m>[22m[39m[90m 112 |[39m             setLoading([36mfalse[39m)[33m;[39m
     [90m     |[39m             [31m[1m^[22m[39m
     [90m 113 |[39m         }
     [90m 114 |[39m     }[33m;[39m
     [90m 115 |[39m[0m

      at printWarning (node_modules/react-dom/cjs/react-dom.development.js:86:30)
      at error (node_modules/react-dom/cjs/react-dom.development.js:60:7)
      at warnIfUpdatesNotWrappedWithActDEV (node_modules/react-dom/cjs/react-dom.development.js:27628:9)
      at scheduleUpdateOnFiber (node_modules/react-dom/cjs/react-dom.development.js:25547:5)
      at dispatchSetState (node_modules/react-dom/cjs/react-dom.development.js:16708:7)
      at setLoading (hooks/useWhaleRadar.ts:112:13)

  console.error
    Warning: An update to TestComponent inside a test was not wrapped in act(...).
    
    When testing, code that causes React state updates should be wrapped into act(...):
    
    act(() => {
      /* fire events that update state */
    });
    /* assert on the output */
    
    This ensures that you're testing the behavior the user would see in the browser. Learn more at https://reactjs.org/link/wrap-tests-with-act
        at TestComponent (C:\Users\dscanales\Documents\DegenScore-Card\DegenScore-Card-1\node_modules\@testing-library\react\dist\pure.js:307:5)

    [0m [90m 104 |[39m                 [36mthrow[39m [36mnew[39m [33mError[39m(data[33m.[39merror [33m||[39m [32m'Failed to fetch whales'[39m)[33m;[39m
     [90m 105 |[39m             }
    [31m[1m>[22m[39m[90m 106 |[39m             setTopWhales(data[33m.[39mwhales [33m||[39m [])[33m;[39m
     [90m     |[39m             [31m[1m^[22m[39m
     [90m 107 |[39m         } [36mcatch[39m (error[33m:[39m any) {
     [90m 108 |[39m             logger[33m.[39merror([32m'Error fetching top whales:'[39m[33m,[39m error)[33m;[39m
     [90m 109 |[39m             setError(error[33m.[39mmessage)[33m;[39m[0m

      at printWarning (node_modules/react-dom/cjs/react-dom.development.js:86:30)
      at error (node_modules/react-dom/cjs/react-dom.development.js:60:7)
      at warnIfUpdatesNotWrappedWithActDEV (node_modules/react-dom/cjs/react-dom.development.js:27628:9)
      at scheduleUpdateOnFiber (node_modules/react-dom/cjs/react-dom.development.js:25547:5)
      at dispatchSetState (node_modules/react-dom/cjs/react-dom.development.js:16708:7)
      at setTopWhales (hooks/useWhaleRadar.ts:106:13)

  console.error
    Warning: An update to TestComponent inside a test was not wrapped in act(...).
    
    When testing, code that causes React state updates should be wrapped into act(...):
    
    act(() => {
      /* fire events that update state */
    });
    /* assert on the output */
    
    This ensures that you're testing the behavior the user would see in the browser. Learn more at https://reactjs.org/link/wrap-tests-with-act
        at TestComponent (C:\Users\dscanales\Documents\DegenScore-Card\DegenScore-Card-1\node_modules\@testing-library\react\dist\pure.js:307:5)

    [0m [90m 110 |[39m             setTopWhales([])[33m;[39m
     [90m 111 |[39m         } [36mfinally[39m {
    [31m[1m>[22m[39m[90m 112 |[39m             setLoading([36mfalse[39m)[33m;[39m
     [90m     |[39m             [31m[1m^[22m[39m
     [90m 113 |[39m         }
     [90m 114 |[39m     }[33m;[39m
     [90m 115 |[39m[0m

      at printWarning (node_modules/react-dom/cjs/react-dom.development.js:86:30)
      at error (node_modules/react-dom/cjs/react-dom.development.js:60:7)
      at warnIfUpdatesNotWrappedWithActDEV (node_modules/react-dom/cjs/react-dom.development.js:27628:9)
      at scheduleUpdateOnFiber (node_modules/react-dom/cjs/react-dom.development.js:25547:5)
      at dispatchSetState (node_modules/react-dom/cjs/react-dom.development.js:16708:7)
      at setLoading (hooks/useWhaleRadar.ts:112:13)

npm : FAIL __tests__/hooks/useWhaleRadar.test.ts (11.239 s)
En línea: 1 Carácter: 1
+ npm test __tests__/hooks/useWhaleRadar.test.ts -- --no-coverage > tes ...
+ ~~~~~~~~~~~~~~~~~~~~~~~~~~~~~~~~~~~~~~~~~~~~~~~~~~~~~~~~~~~~~~~~~~~~~
    + CategoryInfo          : NotSpecified: (FAIL __tests__/...t.ts (11.239 s):String) [], RemoteException
    + FullyQualifiedErrorId : NativeCommandError
 
  useWhaleRadar
    Initialization
      ├ù should initialize with empty state (1043 ms)
    fetchWhales
      ├ù should fetch whales successfully (1022 ms)
      ├ù should handle fetch errors (1015 ms)
    Filtering
      ÔêÜ should filter whales by minimum balance (1104 ms)
      ├ù should filter whales by risk score (1015 ms)
      ├ù should filter by tags (1015 ms)
    Sorting
      ├ù should sort by balance descending (1016 ms)
      ├ù should sort by risk score ascending (1009 ms)
    Alerts
      ├ù should trigger alert for new whale (42 ms)
      ÔêÜ should trigger alert for high risk whale (35 ms)

  ÔùÅ useWhaleRadar ÔÇ║ Initialization ÔÇ║ should initialize with empty state

    expect(received).toBe(expected) // Object.is equality

    Expected: false
    Received: true

    Ignored nodes: comments, script, style
    [36m<html>[39m
      [36m<head />[39m
      [36m<body>[39m
        [36m<div />[39m
      [36m</body>[39m
    [36m</html>[39m

    [0m [90m 48 |[39m             [90m// Wait for fetch to complete[39m
     [90m 49 |[39m             [36mawait[39m waitFor(() [33m=>[39m {
    [31m[1m>[22m[39m[90m 50 |[39m                 expect(result[33m.[39mcurrent[33m.[39mloading)[33m.[39mtoBe([36mfalse[39m)[33m;[39m
     [90m    |[39m                                                [31m[1m^[22m[39m
     [90m 51 |[39m             })[33m;[39m
     [90m 52 |[39m
     [90m 53 |[39m             expect(result[33m.[39mcurrent[33m.[39mwhales)[33m.[39mtoEqual([])[33m;[39m[0m

      at toBe (__tests__/hooks/useWhaleRadar.test.ts:50:48)
      at runWithExpensiveErrorDiagnosticsDisabled (node_modules/@testing-library/dom/dist/config.js:47:12)
      at checkCallback (node_modules/@testing-library/dom/dist/wait-for.js:124:77)
      at checkRealTimersCallback (node_modules/@testing-library/dom/dist/wait-for.js:118:16)
      at Timeout.task [as _onTimeout] (node_modules/jsdom/lib/jsdom/browser/Window.js:520:19)

  ÔùÅ useWhaleRadar ÔÇ║ fetchWhales ÔÇ║ should fetch whales successfully

    expect(received).toBe(expected) // Object.is equality

    Expected: false
    Received: true

    Ignored nodes: comments, script, style
    [36m<html>[39m
      [36m<head />[39m
      [36m<body>[39m
        [36m<div />[39m
      [36m</body>[39m
    [36m</html>[39m

    [0m [90m 66 |[39m
     [90m 67 |[39m             [90m// Wait for initial fetch[39m
    [31m[1m>[22m[39m[90m 68 |[39m             [36mawait[39m waitFor(() [33m=>[39m 
expect(result[33m.[39mcurrent[33m.[39mloading)[33m.[39mtoBe([36mfalse[39m))[33m;[39m
     [90m    |[39m                                                                [31m[1m^[22m[39m
     [90m 69 |[39m
     [90m 70 |[39m             [36mawait[39m act([36masync[39m () [33m=>[39m {
     [90m 71 |[39m                 [36mawait[39m result[33m.[39mcurrent[33m.[39mfetchWhales()[33m;[39m[0m

      at toBe (__tests__/hooks/useWhaleRadar.test.ts:68:64)
      at runWithExpensiveErrorDiagnosticsDisabled (node_modules/@testing-library/dom/dist/config.js:47:12)
      at checkCallback (node_modules/@testing-library/dom/dist/wait-for.js:124:77)
      at checkRealTimersCallback (node_modules/@testing-library/dom/dist/wait-for.js:118:16)
      at Timeout.task [as _onTimeout] (node_modules/jsdom/lib/jsdom/browser/Window.js:520:19)

  ÔùÅ useWhaleRadar ÔÇ║ fetchWhales ÔÇ║ should handle fetch errors

    expect(received).toBe(expected) // Object.is equality

    Expected: false
    Received: true

    Ignored nodes: comments, script, style
    [36m<html>[39m
      [36m<head />[39m
      [36m<body>[39m
        [36m<div />[39m
      [36m</body>[39m
    [36m</html>[39m

    [0m [90m 86 |[39m
     [90m 87 |[39m             [90m// Wait for initial fetch[39m
    [31m[1m>[22m[39m[90m 88 |[39m             [36mawait[39m waitFor(() [33m=>[39m 
expect(result[33m.[39mcurrent[33m.[39mloading)[33m.[39mtoBe([36mfalse[39m))[33m;[39m
     [90m    |[39m                                                                [31m[1m^[22m[39m
     [90m 89 |[39m
     [90m 90 |[39m             [36mawait[39m act([36masync[39m () [33m=>[39m {
     [90m 91 |[39m                 [36mawait[39m result[33m.[39mcurrent[33m.[39mfetchWhales()[33m;[39m[0m

      at toBe (__tests__/hooks/useWhaleRadar.test.ts:88:64)
      at runWithExpensiveErrorDiagnosticsDisabled (node_modules/@testing-library/dom/dist/config.js:47:12)
      at checkCallback (node_modules/@testing-library/dom/dist/wait-for.js:124:77)
      at checkRealTimersCallback (node_modules/@testing-library/dom/dist/wait-for.js:118:16)
      at Timeout.task [as _onTimeout] (node_modules/jsdom/lib/jsdom/browser/Window.js:520:19)

  ÔùÅ useWhaleRadar ÔÇ║ Filtering ÔÇ║ should filter whales by risk score

    expect(received).toBe(expected) // Object.is equality

    Expected: false
    Received: true

    Ignored nodes: comments, script, style
    [36m<html>[39m
      [36m<head />[39m
      [36m<body>[39m
        [36m<div />[39m
      [36m</body>[39m
    [36m</html>[39m

    [0m [90m 114 |[39m         it([32m'should filter whales by risk score'[39m[33m,[39m [36masync[39m () [33m=>[39m {
     [90m 115 |[39m             [36mconst[39m { result } [33m=[39m renderHook(() [33m=>[39m useWhaleRadar())[33m;[39m
    [31m[1m>[22m[39m[90m 116 |[39m             [36mawait[39m waitFor(() [33m=>[39m 
expect(result[33m.[39mcurrent[33m.[39mloading)[33m.[39mtoBe([36mfalse[39m))[33m;[39m
     [90m     |[39m                                                                [31m[1m^[22m[39m
     [90m 117 |[39m
     [90m 118 |[39m             act(() [33m=>[39m {
     [90m 119 |[39m                 result[33m.[39mcurrent[33m.[39msetWhales(mockWhales)[33m;[39m[0m

      at toBe (__tests__/hooks/useWhaleRadar.test.ts:116:64)
      at runWithExpensiveErrorDiagnosticsDisabled (node_modules/@testing-library/dom/dist/config.js:47:12)
      at checkCallback (node_modules/@testing-library/dom/dist/wait-for.js:124:77)
      at checkRealTimersCallback (node_modules/@testing-library/dom/dist/wait-for.js:118:16)
      at Timeout.task [as _onTimeout] (node_modules/jsdom/lib/jsdom/browser/Window.js:520:19)

  ÔùÅ useWhaleRadar ÔÇ║ Filtering ÔÇ║ should filter by tags

    expect(received).toBe(expected) // Object.is equality

    Expected: false
    Received: true

    Ignored nodes: comments, script, style
    [36m<html>[39m
      [36m<head />[39m
      [36m<body>[39m
        [36m<div />[39m
      [36m</body>[39m
    [36m</html>[39m

    [0m [90m 128 |[39m         it([32m'should filter by tags'[39m[33m,[39m [36masync[39m () [33m=>[39m {
     [90m 129 |[39m             [36mconst[39m { result } [33m=[39m renderHook(() [33m=>[39m useWhaleRadar())[33m;[39m
    [31m[1m>[22m[39m[90m 130 |[39m             [36mawait[39m waitFor(() [33m=>[39m 
expect(result[33m.[39mcurrent[33m.[39mloading)[33m.[39mtoBe([36mfalse[39m))[33m;[39m
     [90m     |[39m                                                                [31m[1m^[22m[39m
     [90m 131 |[39m
     [90m 132 |[39m             act(() [33m=>[39m {
     [90m 133 |[39m                 result[33m.[39mcurrent[33m.[39msetWhales(mockWhales)[33m;[39m[0m

      at toBe (__tests__/hooks/useWhaleRadar.test.ts:130:64)
      at runWithExpensiveErrorDiagnosticsDisabled (node_modules/@testing-library/dom/dist/config.js:47:12)
      at checkCallback (node_modules/@testing-library/dom/dist/wait-for.js:124:77)
      at checkRealTimersCallback (node_modules/@testing-library/dom/dist/wait-for.js:118:16)
      at Timeout.task [as _onTimeout] (node_modules/jsdom/lib/jsdom/browser/Window.js:520:19)

  ÔùÅ useWhaleRadar ÔÇ║ Sorting ÔÇ║ should sort by balance descending

    expect(received).toBe(expected) // Object.is equality

    Expected: false
    Received: true

    Ignored nodes: comments, script, style
    [36m<html>[39m
      [36m<head />[39m
      [36m<body>[39m
        [36m<div />[39m
      [36m</body>[39m
    [36m</html>[39m

    [0m [90m 144 |[39m         it([32m'should sort by balance descending'[39m[33m,[39m [36masync[39m () [33m=>[39m {
     [90m 145 |[39m             [36mconst[39m { result } [33m=[39m renderHook(() [33m=>[39m useWhaleRadar())[33m;[39m
    [31m[1m>[22m[39m[90m 146 |[39m             [36mawait[39m waitFor(() [33m=>[39m 
expect(result[33m.[39mcurrent[33m.[39mloading)[33m.[39mtoBe([36mfalse[39m))[33m;[39m
     [90m     |[39m                                                                [31m[1m^[22m[39m
     [90m 147 |[39m
     [90m 148 |[39m             act(() [33m=>[39m {
     [90m 149 |[39m                 result[33m.[39mcurrent[33m.[39msetWhales(mockWhales)[33m;[39m[0m

      at toBe (__tests__/hooks/useWhaleRadar.test.ts:146:64)
      at runWithExpensiveErrorDiagnosticsDisabled (node_modules/@testing-library/dom/dist/config.js:47:12)
      at checkCallback (node_modules/@testing-library/dom/dist/wait-for.js:124:77)
      at checkRealTimersCallback (node_modules/@testing-library/dom/dist/wait-for.js:118:16)
      at Timeout.task [as _onTimeout] (node_modules/jsdom/lib/jsdom/browser/Window.js:520:19)

  ÔùÅ useWhaleRadar ÔÇ║ Sorting ÔÇ║ should sort by risk score ascending

    expect(received).toBe(expected) // Object.is equality

    Expected: false
    Received: true

    Ignored nodes: comments, script, style
    [36m<html>[39m
      [36m<head />[39m
      [36m<body>[39m
        [36m<div />[39m
      [36m</body>[39m
    [36m</html>[39m

    [0m [90m 158 |[39m         it([32m'should sort by risk score ascending'[39m[33m,[39m [36masync[39m () [33m=>[39m {
     [90m 159 |[39m             [36mconst[39m { result } [33m=[39m renderHook(() [33m=>[39m useWhaleRadar())[33m;[39m
    [31m[1m>[22m[39m[90m 160 |[39m             [36mawait[39m waitFor(() [33m=>[39m 
expect(result[33m.[39mcurrent[33m.[39mloading)[33m.[39mtoBe([36mfalse[39m))[33m;[39m
     [90m     |[39m                                                                [31m[1m^[22m[39m
     [90m 161 |[39m
     [90m 162 |[39m             act(() [33m=>[39m {
     [90m 163 |[39m                 result[33m.[39mcurrent[33m.[39msetWhales(mockWhales)[33m;[39m[0m

      at toBe (__tests__/hooks/useWhaleRadar.test.ts:160:64)
      at runWithExpensiveErrorDiagnosticsDisabled (node_modules/@testing-library/dom/dist/config.js:47:12)
      at checkCallback (node_modules/@testing-library/dom/dist/wait-for.js:124:77)
      at checkRealTimersCallback (node_modules/@testing-library/dom/dist/wait-for.js:118:16)
      at Timeout.task [as _onTimeout] (node_modules/jsdom/lib/jsdom/browser/Window.js:520:19)

  ÔùÅ useWhaleRadar ÔÇ║ Alerts ÔÇ║ should trigger alert for new whale

    expect(jest.fn()).toHaveBeenCalledWith(...expected)

    Expected: {"address": "whale1", "balance": 1000000, "recentActivity": 50, "riskScore": 75, "tags": ["smart-money", "early-adopter"]}
    Received: null

    Number of calls: 1

    [0m [90m 181 |[39m             })[33m;[39m
     [90m 182 |[39m
    [31m[1m>[22m[39m[90m 183 |[39m             expect(mockAlert)[33m.[39mtoHaveBeenCalledWith(mockWhales[[35m0[39m])[33m;[39m
     [90m     |[39m                               [31m[1m^[22m[39m
     [90m 184 |[39m         })[33m;[39m
     [90m 185 |[39m
     [90m 186 |[39m         it([32m'should trigger alert for high risk whale'[39m[33m,[39m () [33m=>[39m {[0m

      at Object.toHaveBeenCalledWith (__tests__/hooks/useWhaleRadar.test.ts:183:31)

Test Suites: 1 failed, 1 total
Tests:       8 failed, 2 passed, 10 total
Snapshots:   0 total
Time:        13.528 s
Ran all test suites matching /__tests__\\hooks\\useWhaleRadar.test.ts/i.
